2026-08-11 04:35:32 INFO [NEML] 发现内置 mod: core
2026-08-11 04:35:32 INFO [NEML] 发现内置 mod: versions
2026-08-11 04:35:32 INFO [NEML] 发现内置 mod: account
2026-08-11 04:35:32 INFO [NEML] 发现内置 mod: launcher
2026-08-11 04:35:32 INFO [NEML] 发现内置 mod: installer
2026-08-11 04:35:32 INFO [NEML] 发现内置 mod: java
2026-08-11 04:35:32 INFO [NEML] 初始化 main 入口: versions -> io.github.yuno2233.neml.versions.VersionsMain
2026-08-11 04:35:49 INFO [NEML] 发现内置 mod: core
2026-08-11 04:35:49 INFO [NEML] 发现内置 mod: versions
2026-08-11 04:35:49 INFO [NEML] 发现内置 mod: account
2026-08-11 04:35:49 INFO [NEML] 发现内置 mod: launcher
2026-08-11 04:35:49 INFO [NEML] 发现内置 mod: installer
2026-08-11 04:35:49 INFO [NEML] 发现内置 mod: java
2026-08-11 04:35:49 INFO [NEML] 初始化 main 入口: installer -> io.github.yuno2233.neml.installer.InstallerMain
2026-08-11 04:40:33 INFO [NEML] 发现内置 mod: core
2026-08-11 04:40:33 INFO [NEML] 发现内置 mod: versions
2026-08-11 04:40:33 INFO [NEML] 发现内置 mod: account
2026-08-11 04:40:33 INFO [NEML] 发现内置 mod: launcher
2026-08-11 04:40:33 INFO [NEML] 发现内置 mod: installer
2026-08-11 04:40:33 INFO [NEML] 发现内置 mod: java
2026-08-11 04:40:34 INFO [NEML] 初始化 main 入口: launcher -> io.github.yuno2233.neml.launcher.LauncherMain
2026-08-11 04:40:59 INFO [NEML] 发现内置 mod: core
2026-08-11 04:40:59 INFO [NEML] 发现内置 mod: versions
2026-08-11 04:40:59 INFO [NEML] 发现内置 mod: account
2026-08-11 04:40:59 INFO [NEML] 发现内置 mod: launcher
2026-08-11 04:40:59 INFO [NEML] 发现内置 mod: installer
2026-08-11 04:40:59 INFO [NEML] 发现内置 mod: java
2026-08-11 04:40:59 INFO [NEML] 初始化 main 入口: launcher -> io.github.yuno2233.neml.launcher.LauncherMain
2026-08-11 04:41:02 INFO [NEML] 发现内置 mod: core
2026-08-11 04:41:02 INFO [NEML] 发现内置 mod: versions
2026-08-11 04:41:02 INFO [NEML] 发现内置 mod: account
2026-08-11 04:41:02 INFO [NEML] 发现内置 mod: launcher
2026-08-11 04:41:02 INFO [NEML] 发现内置 mod: installer
2026-08-11 04:41:02 INFO [NEML] 发现内置 mod: java
2026-08-11 04:41:02 INFO [NEML] 初始化 main 入口: launcher -> io.github.yuno2233.neml.launcher.LauncherMain
2026-08-11 04:41:12 INFO [NEML] 发现内置 mod: core
2026-08-11 04:41:12 INFO [NEML] 发现内置 mod: versions
2026-08-11 04:41:12 INFO [NEML] 发现内置 mod: account
2026-08-11 04:41:12 INFO [NEML] 发现内置 mod: launcher
2026-08-11 04:41:12 INFO [NEML] 发现内置 mod: installer
2026-08-11 04:41:12 INFO [NEML] 发现内置 mod: java
2026-08-11 04:41:12 INFO [NEML] 初始化 main 入口: launcher -> io.github.yuno2233.neml.launcher.LauncherMain
2026-08-11 05:21:55 INFO [NEML] 发现内置 mod: core
2026-08-11 05:21:55 INFO [NEML] 发现内置 mod: versions
2026-08-11 05:21:55 INFO [NEML] 发现内置 mod: account
2026-08-11 05:21:55 INFO [NEML] 发现内置 mod: launcher
2026-08-11 05:21:55 INFO [NEML] 发现内置 mod: installer
2026-08-11 05:21:55 INFO [NEML] 发现内置 mod: java
2026-08-11 05:21:55 INFO [NEML] 初始化 main 入口: installer -> io.github.yuno2233.neml.installer.InstallerMain
2026-08-11 05:22:03 INFO [NEML] 发现内置 mod: core
2026-08-11 05:22:03 INFO [NEML] 发现内置 mod: versions
2026-08-11 05:22:03 INFO [NEML] 发现内置 mod: account
2026-08-11 05:22:03 INFO [NEML] 发现内置 mod: launcher
2026-08-11 05:22:03 INFO [NEML] 发现内置 mod: installer
2026-08-11 05:22:03 INFO [NEML] 发现内置 mod: java
2026-08-11 05:22:03 INFO [NEML] 初始化 main 入口: installer -> io.github.yuno2233.neml.installer.InstallerMain
2026-08-11 05:22:19 INFO [NEML] 发现内置 mod: core
2026-08-11 05:22:19 INFO [NEML] 发现内置 mod: versions
2026-08-11 05:22:19 INFO [NEML] 发现内置 mod: account
2026-08-11 05:22:19 INFO [NEML] 发现内置 mod: launcher
2026-08-11 05:22:19 INFO [NEML] 发现内置 mod: installer
2026-08-11 05:22:19 INFO [NEML] 发现内置 mod: java
2026-08-11 05:22:19 INFO [NEML] 初始化 main 入口: installer -> io.github.yuno2233.neml.installer.InstallerMain
2026-08-11 05:22:53 INFO [NEML] 发现内置 mod: core
2026-08-11 05:22:53 INFO [NEML] 发现内置 mod: versions
2026-08-11 05:22:53 INFO [NEML] 发现内置 mod: account
2026-08-11 05:22:53 INFO [NEML] 发现内置 mod: launcher
2026-08-11 05:22:53 INFO [NEML] 发现内置 mod: installer
2026-08-11 05:22:53 INFO [NEML] 发现内置 mod: java
2026-08-11 05:22:53 INFO [NEML] 初始化 main 入口: launcher -> io.github.yuno2233.neml.launcher.LauncherMain
2026-08-11 05:34:34 INFO [NEML] 发现内置 mod: core
2026-08-11 05:34:34 INFO [NEML] 发现内置 mod: versions
2026-08-11 05:34:34 INFO [NEML] 发现内置 mod: account
2026-08-11 05:34:34 INFO [NEML] 发现内置 mod: launcher
2026-08-11 05:34:34 INFO [NEML] 发现内置 mod: installer
2026-08-11 05:34:34 INFO [NEML] 发现内置 mod: java
2026-08-11 05:34:34 INFO [NEML] 初始化 main 入口: launcher -> io.github.yuno2233.neml.launcher.LauncherMain
2026-08-11 05:43:26 INFO [NEML] 发现内置 mod: core
2026-08-11 05:43:26 INFO [NEML] 发现内置 mod: versions
2026-08-11 05:43:26 INFO [NEML] 发现内置 mod: account
2026-08-11 05:43:26 INFO [NEML] 发现内置 mod: launcher
2026-08-11 05:43:26 INFO [NEML] 发现内置 mod: installer
2026-08-11 05:43:26 INFO [NEML] 发现内置 mod: java
2026-08-11 05:43:26 INFO [NEML] 初始化 main 入口: launcher -> io.github.yuno2233.neml.launcher.LauncherMain
2026-08-11 05:55:01 INFO [NEML] 发现内置 mod: core
2026-08-11 05:55:01 INFO [NEML] 发现内置 mod: versions
2026-08-11 05:55:01 INFO [NEML] 发现内置 mod: account
2026-08-11 05:55:01 INFO [NEML] 发现内置 mod: launcher
2026-08-11 05:55:01 INFO [NEML] 发现内置 mod: installer
2026-08-11 05:55:01 INFO [NEML] 发现内置 mod: java
2026-08-11 05:55:01 INFO [NEML] 初始化 main 入口: launcher -> io.github.yuno2233.neml.launcher.LauncherMain
2026-08-11 09:22:55 INFO [NEML] 发现内置 mod: core
2026-08-11 09:22:55 INFO [NEML] 发现内置 mod: versions
2026-08-11 09:22:55 INFO [NEML] 发现内置 mod: account
2026-08-11 09:22:55 INFO [NEML] 发现内置 mod: launcher
2026-08-11 09:22:55 INFO [NEML] 发现内置 mod: installer
2026-08-11 09:22:55 INFO [NEML] 发现内置 mod: java
2026-08-11 09:22:55 INFO [NEML] 初始化 main 入口: core -> io.github.yuno2233.neml.core.CoreMainInit
2026-08-11 09:24:10 INFO [NEML] 发现内置 mod: core
2026-08-11 09:24:10 INFO [NEML] 发现内置 mod: versions
2026-08-11 09:24:10 INFO [NEML] 发现内置 mod: account
2026-08-11 09:24:10 INFO [NEML] 发现内置 mod: launcher
2026-08-11 09:24:10 INFO [NEML] 发现内置 mod: installer
2026-08-11 09:24:10 INFO [NEML] 发现内置 mod: java
2026-08-11 09:24:10 INFO [NEML] 初始化 main 入口: core -> io.github.yuno2233.neml.core.CoreMainInit
2026-08-11 09:26:12 INFO [NEML] 发现内置 mod: core
2026-08-11 09:26:12 INFO [NEML] 发现内置 mod: versions
2026-08-11 09:26:12 INFO [NEML] 发现内置 mod: account
2026-08-11 09:26:12 INFO [NEML] 发现内置 mod: launcher
2026-08-11 09:26:12 INFO [NEML] 发现内置 mod: installer
2026-08-11 09:26:12 INFO [NEML] 发现内置 mod: java
2026-08-11 09:26:12 INFO [NEML] 初始化 main 入口: core -> io.github.yuno2233.neml.core.CoreMainInit
