2026-08-12 01:30:47 INFO [NEML] 发现内置 mod: account
2026-08-12 01:30:47 INFO [NEML] 发现内置 mod: core
2026-08-12 01:30:47 INFO [NEML] 发现内置 mod: installer
2026-08-12 01:30:47 INFO [NEML] 发现内置 mod: java
2026-08-12 01:30:47 INFO [NEML] 发现内置 mod: launcher
2026-08-12 01:30:47 INFO [NEML] 发现内置 mod: versions
2026-08-12 01:30:48 INFO [NEML] 初始化 main 入口: core -> io.github.yuno2233.neml.core.CoreMainInit
2026-08-12 01:31:09 INFO [NEML] 发现内置 mod: account
2026-08-12 01:31:09 INFO [NEML] 发现内置 mod: core
2026-08-12 01:31:09 INFO [NEML] 发现内置 mod: installer
2026-08-12 01:31:09 INFO [NEML] 发现内置 mod: java
2026-08-12 01:31:09 INFO [NEML] 发现内置 mod: launcher
2026-08-12 01:31:09 INFO [NEML] 发现内置 mod: versions
2026-08-12 01:31:09 INFO [NEML] 初始化 main 入口: core -> io.github.yuno2233.neml.core.CoreMainInit
2026-08-12 01:31:49 INFO [NEML] 发现内置 mod: account
2026-08-12 01:31:49 INFO [NEML] 发现内置 mod: core
2026-08-12 01:31:49 INFO [NEML] 发现内置 mod: installer
2026-08-12 01:31:49 INFO [NEML] 发现内置 mod: java
2026-08-12 01:31:49 INFO [NEML] 发现内置 mod: launcher
2026-08-12 01:31:49 INFO [NEML] 发现内置 mod: versions
2026-08-12 01:31:49 INFO [NEML] 初始化 main 入口: core -> io.github.yuno2233.neml.core.CoreMainInit
2026-08-12 01:31:54 INFO [NEML] 发现内置 mod: account
2026-08-12 01:31:54 INFO [NEML] 发现内置 mod: core
2026-08-12 01:31:54 INFO [NEML] 发现内置 mod: installer
2026-08-12 01:31:54 INFO [NEML] 发现内置 mod: java
2026-08-12 01:31:54 INFO [NEML] 发现内置 mod: launcher
2026-08-12 01:31:54 INFO [NEML] 发现内置 mod: versions
2026-08-12 01:31:54 INFO [NEML] 初始化 main 入口: core -> io.github.yuno2233.neml.core.CoreMainInit
2026-08-12 01:33:49 INFO [NEML] 发现内置 mod: account
2026-08-12 01:33:49 INFO [NEML] 发现内置 mod: core
2026-08-12 01:33:49 INFO [NEML] 发现内置 mod: installer
2026-08-12 01:33:49 INFO [NEML] 发现内置 mod: java
2026-08-12 01:33:49 INFO [NEML] 发现内置 mod: launcher
2026-08-12 01:33:49 INFO [NEML] 发现内置 mod: versions
2026-08-12 01:33:50 INFO [NEML] 初始化 main 入口: core -> io.github.yuno2233.neml.core.CoreMainInit
2026-08-12 01:34:08 INFO [NEML] 发现内置 mod: account
2026-08-12 01:34:08 INFO [NEML] 发现内置 mod: core
2026-08-12 01:34:08 INFO [NEML] 发现内置 mod: installer
2026-08-12 01:34:08 INFO [NEML] 发现内置 mod: java
2026-08-12 01:34:08 INFO [NEML] 发现内置 mod: launcher
2026-08-12 01:34:08 INFO [NEML] 发现内置 mod: versions
2026-08-12 01:34:08 INFO [NEML] 初始化 main 入口: core -> io.github.yuno2233.neml.core.CoreMainInit
